info    : lipu v0.0.0
